============================================================
MANUAL DES TEST
============================================================
Expected: 85E813540F0AB405
Actual  : 85E813540F0AB405
[PASS] Standard DES block test.

Plaintext : Hello World
Ciphertext: B03B53BB7E30E05097A4C18C827894C1
Decrypted : Hello World

Plaintext : Halo, ini pesan rahasia!
Ciphertext: B9D2A71CAD936B85EA9BC561FC00BD2D3D2FB4C9A82DD4E507A40085141B38A9
Decrypted : Halo, ini pesan rahasia!

Plaintext : Komunikasi dua arah DES.
Ciphertext: 2E76EF2F0C51FBB728A6D65B5E74F3A306B2F4721F362A5B07A40085141B38A9
Decrypted : Komunikasi dua arah DES.

Plaintext : Pesan dengan UTF-8: Indonesia
Ciphertext: 7A254932CA04A26959ABFD6E311DC36CB1A46431CCF6BA9197DCF0E41198B973
Decrypted : Pesan dengan UTF-8: Indonesia

[PASS] All encryption/decryption tests passed.
Spreadsheet runtime warmup failed during python startup
Traceback (most recent call last):
  File "/tmp/tmp.L2TH2Y5coc/artifact_tool_v2-2.8.22/artifact_tool/patches/warm_spreadsheet_runtime_on_startup.py", line 26, in warm_spreadsheet_runtime_on_startup
  File "/tmp/tmp.L2TH2Y5coc/artifact_tool_v2-2.8.22/artifact_tool/spreadsheet_warmup.py", line 785, in warm_spreadsheet_runtime
  File "/tmp/tmp.L2TH2Y5coc/artifact_tool_v2-2.8.22/artifact_tool/spreadsheet_warmup.py", line 720, in _warm_feature_flows
  File "/tmp/tmp.L2TH2Y5coc/artifact_tool_v2-2.8.22/artifact_tool/spreadsheet_warmup.py", line 704, in _warm_collaboration_flows
  File "/tmp/tmp.L2TH2Y5coc/artifact_tool_v2-2.8.22/artifact_tool/generated/interface/models.py", line 32317, in hydrate_crdt_from_proto
  File "/tmp/tmp.L2TH2Y5coc/artifact_tool_v2-2.8.22/artifact_tool/rpc/remote.py", line 749, in __call__
  File "/tmp/tmp.L2TH2Y5coc/artifact_tool_v2-2.8.22/artifact_tool/rpc/client.py", line 150, in call
artifact_tool.rpc.client.RemoteError: hydrateCrdtFromProto requires an empty collaborative document.
